START 10_create_ref_site_pollution.sql 2026-05-18T14:39:50.1988938+01:00
BEGIN
CREATE EXTENSION
CREATE EXTENSION
psql:C:/dev/WQDSS/repo_git/database/idp_pollution/10_create_ref_site_pollution.sql:7: NOTICE:  extension "postgis" already exists, skipping
psql:C:/dev/WQDSS/repo_git/database/idp_pollution/10_create_ref_site_pollution.sql:8: NOTICE:  extension "pgcrypto" already exists, skipping
psql:C:/dev/WQDSS/repo_git/database/idp_pollution/10_create_ref_site_pollution.sql:10: NOTICE:  schema "geo" already exists, skipping
CREATE SCHEMA
psql:C:/dev/WQDSS/repo_git/database/idp_pollution/10_create_ref_site_pollution.sql:11: NOTICE:  schema "metadata" already exists, skipping
CREATE SCHEMA
CREATE TABLE
CREATE TABLE
CREATE FUNCTION
CREATE TABLE
CREATE INDEX
CREATE INDEX
CREATE INDEX
CREATE INDEX
CREATE INDEX
CREATE INDEX
CREATE INDEX
psql:C:/dev/WQDSS/repo_git/database/idp_pollution/10_create_ref_site_pollution.sql:93: NOTICE:  trigger "trg_ref_site_pollution_set_updated_at" for relation "geo.ref_site_pollution" does not exist, skipping
DROP TRIGGER
CREATE TRIGGER
CREATE FUNCTION
psql:C:/dev/WQDSS/repo_git/database/idp_pollution/10_create_ref_site_pollution.sql:111: NOTICE:  trigger "trg_ref_site_pollution_set_geom_4326" for relation "geo.ref_site_pollution" does not exist, skipping
DROP TRIGGER
CREATE TRIGGER
COMMENT
COMMENT
COMMIT
END 10_create_ref_site_pollution.sql 2026-05-18T14:39:50.6096955+01:00
